
> my-app@0.1.0 dev
> next dev --turbopack

 ⚠ Invalid next.config.mjs options detected: 
 ⚠     Unrecognized key(s) in object: 'serverComponentsExternalPackages' at "experimental"
 ⚠ See more info here: https://nextjs.org/docs/messages/invalid-next-config
 ⚠ `experimental.serverComponentsExternalPackages` has been moved to `serverExternalPackages`. Please update your next.config.mjs file accordingly.
 ⚠ Warning: Next.js inferred your workspace root, but it may not be correct.
 We detected multiple lockfiles and selected the directory of /Users/varunsharma/TrekTrails/TRAVELTRAILS/package-lock.json as the root directory.
 To silence this warning, set `turbopack.root` in your Next.js config, or consider removing one of the lockfiles if it's not needed.
   See https://nextjs.org/docs/app/api-reference/config/next-config-js/turbopack#root-directory for more information.
 Detected additional lockfiles: 
   * /Users/varunsharma/TrekTrails/TRAVELTRAILS/my-app/package-lock.json

 ⚠ Port 3000 is in use by process 21781, using available port 3001 instead.
   ▲ Next.js 15.5.9 (Turbopack)
   - Local:        http://localhost:3001
   - Network:      http://10.7.9.188:3001
   - Environments: .env.local
   - Experiments (use with caution):
     · serverComponentsExternalPackages

 ✓ Starting...
 ✓ Compiled middleware in 126ms
 ✓ Ready in 993ms
 ⚠ Found a change in next.config.mjs. Restarting the server to apply the changes...
   ▲ Next.js 15.5.9 (Turbopack)
   - Local:        http://localhost:3001
   - Network:      http://10.7.9.188:3001
   - Environments: .env.local

 ✓ Starting...
 ✓ Compiled middleware in 133ms
 ✓ Ready in 1060ms
[?25h
